china----中文
china----中文
china----中文
china----中文
china----中文
china----中文
china----中文
china----中文
china----中文
china----中文
china----中文
china----中文
china----中文
china----中文
china----中文
